
Seções de entrada descartadas

 .note.GNU-stack
                0x0000000000000000        0x0 /usr/lib/gcc/x86_64-linux-gnu/7/../../../x86_64-linux-gnu/crti.o
 .note.GNU-stack
                0x0000000000000000        0x0 /usr/lib/gcc/x86_64-linux-gnu/7/crtbeginS.o
 .note.GNU-stack
                0x0000000000000000        0x0 /tmp/ccDj9NrH.o
 .note.GNU-stack
                0x0000000000000000        0x0 /tmp/cczrS5ow.o
 .note.GNU-stack
                0x0000000000000000        0x0 /tmp/ccOy63pl.o
 .note.GNU-stack
                0x0000000000000000        0x0 /tmp/cc5jESua.o
 .note.GNU-stack
                0x0000000000000000        0x0 /tmp/ccfjAfEZ.o
 .note.GNU-stack
                0x0000000000000000        0x0 /tmp/ccND9dTO.o
 .note.GNU-stack
                0x0000000000000000        0x0 /tmp/cc6cVzcE.o
 .note.GNU-stack
                0x0000000000000000        0x0 /tmp/cc3BDhAt.o
 .note.GNU-stack
                0x0000000000000000        0x0 /tmp/cclwtY0i.o
 .note.GNU-stack
                0x0000000000000000        0x0 /tmp/cc62oZu8.o
 .note.GNU-stack
                0x0000000000000000        0x0 /tmp/cc1hyc2X.o
 .note.GNU-stack
                0x0000000000000000        0x0 /tmp/ccvOLFCN.o
 .note.GNU-stack
                0x0000000000000000        0x0 /tmp/ccLWLqgD.o
 .note.GNU-stack
                0x0000000000000000        0x0 /tmp/cceuDgZs.o
 .note.GNU-stack
                0x0000000000000000        0x0 /tmp/ccTTNuLi.o
 .note.GNU-stack
                0x0000000000000000        0x0 /tmp/ccb8KiC8.o
 .note.GNU-stack
                0x0000000000000000        0x0 /tmp/ccctfsyY.o
 .note.GNU-stack
                0x0000000000000000        0x0 /usr/lib/gcc/x86_64-linux-gnu/7/crtendS.o
 .note.GNU-stack
                0x0000000000000000        0x0 /usr/lib/gcc/x86_64-linux-gnu/7/../../../x86_64-linux-gnu/crtn.o

Configuração de Memória

Nome             Origem             Tamanho            Atributos
*default*        0x0000000000000000 0xffffffffffffffff

Script do link-editor e mapa de memória

LOAD /usr/lib/gcc/x86_64-linux-gnu/7/../../../x86_64-linux-gnu/crti.o
LOAD /usr/lib/gcc/x86_64-linux-gnu/7/crtbeginS.o
LOAD //usr/local/lib/libutf8proc.so
LOAD /tmp/ccDj9NrH.o
LOAD /tmp/cczrS5ow.o
LOAD /tmp/ccOy63pl.o
LOAD /tmp/cc5jESua.o
LOAD /tmp/ccfjAfEZ.o
LOAD /tmp/ccND9dTO.o
LOAD /tmp/cc6cVzcE.o
LOAD /tmp/cc3BDhAt.o
LOAD /tmp/cclwtY0i.o
LOAD /tmp/cc62oZu8.o
LOAD /tmp/cc1hyc2X.o
LOAD /tmp/ccvOLFCN.o
LOAD /tmp/ccLWLqgD.o
LOAD /tmp/cceuDgZs.o
LOAD /tmp/ccTTNuLi.o
LOAD /tmp/ccb8KiC8.o
LOAD /tmp/ccctfsyY.o
LOAD /usr/lib/gcc/x86_64-linux-gnu/7/libgcc.a
LOAD /usr/lib/gcc/x86_64-linux-gnu/7/libgcc_s.so
START GROUP
LOAD /usr/lib/gcc/x86_64-linux-gnu/7/libgcc_s.so.1
LOAD /usr/lib/gcc/x86_64-linux-gnu/7/libgcc.a
END GROUP
LOAD /usr/lib/gcc/x86_64-linux-gnu/7/../../../x86_64-linux-gnu/libc.so
START GROUP
LOAD /lib/x86_64-linux-gnu/libc.so.6
LOAD /usr/lib/x86_64-linux-gnu/libc_nonshared.a
LOAD /lib/x86_64-linux-gnu/ld-linux-x86-64.so.2
END GROUP
LOAD /usr/lib/gcc/x86_64-linux-gnu/7/libgcc.a
LOAD /usr/lib/gcc/x86_64-linux-gnu/7/libgcc_s.so
START GROUP
LOAD /usr/lib/gcc/x86_64-linux-gnu/7/libgcc_s.so.1
LOAD /usr/lib/gcc/x86_64-linux-gnu/7/libgcc.a
END GROUP
LOAD /usr/lib/gcc/x86_64-linux-gnu/7/crtendS.o
LOAD /usr/lib/gcc/x86_64-linux-gnu/7/../../../x86_64-linux-gnu/crtn.o
                0x00000000000001c8                . = (SEGMENT_START ("text-segment", 0x0) + SIZEOF_HEADERS)

.note.gnu.build-id
                0x00000000000001c8       0x24
 *(.note.gnu.build-id)
 .note.gnu.build-id
                0x00000000000001c8       0x24 /usr/lib/gcc/x86_64-linux-gnu/7/../../../x86_64-linux-gnu/crti.o

.hash
 *(.hash)

.gnu.hash       0x00000000000001f0      0x298
 *(.gnu.hash)
 .gnu.hash      0x00000000000001f0      0x298 /usr/lib/gcc/x86_64-linux-gnu/7/../../../x86_64-linux-gnu/crti.o

.dynsym         0x0000000000000488      0xab0
 *(.dynsym)
 .dynsym        0x0000000000000488      0xab0 /usr/lib/gcc/x86_64-linux-gnu/7/../../../x86_64-linux-gnu/crti.o

.dynstr         0x0000000000000f38      0x87f
 *(.dynstr)
 .dynstr        0x0000000000000f38      0x87f /usr/lib/gcc/x86_64-linux-gnu/7/../../../x86_64-linux-gnu/crti.o

.gnu.version    0x00000000000017b8       0xe4
 *(.gnu.version)
 .gnu.version   0x00000000000017b8       0xe4 /usr/lib/gcc/x86_64-linux-gnu/7/../../../x86_64-linux-gnu/crti.o

.gnu.version_d  0x00000000000018a0        0x0
 *(.gnu.version_d)
 .gnu.version_d
                0x00000000000018a0        0x0 /usr/lib/gcc/x86_64-linux-gnu/7/../../../x86_64-linux-gnu/crti.o

.gnu.version_r  0x00000000000018a0       0x60
 *(.gnu.version_r)
 .gnu.version_r
                0x00000000000018a0       0x60 /usr/lib/gcc/x86_64-linux-gnu/7/../../../x86_64-linux-gnu/crti.o

.rela.dyn       0x0000000000001900      0x288
 *(.rela.init)
 *(.rela.text .rela.text.* .rela.gnu.linkonce.t.*)
 .rela.text     0x0000000000001900        0x0 /usr/lib/gcc/x86_64-linux-gnu/7/../../../x86_64-linux-gnu/crti.o
 *(.rela.fini)
 *(.rela.rodata .rela.rodata.* .rela.gnu.linkonce.r.*)
 *(.rela.data .rela.data.* .rela.gnu.linkonce.d.*)
 .rela.data.rel.local
                0x0000000000001900       0x30 /usr/lib/gcc/x86_64-linux-gnu/7/../../../x86_64-linux-gnu/crti.o
 *(.rela.tdata .rela.tdata.* .rela.gnu.linkonce.td.*)
 *(.rela.tbss .rela.tbss.* .rela.gnu.linkonce.tb.*)
 *(.rela.ctors)
 *(.rela.dtors)
 *(.rela.got)
 .rela.got      0x0000000000001930      0x228 /usr/lib/gcc/x86_64-linux-gnu/7/../../../x86_64-linux-gnu/crti.o
 *(.rela.bss .rela.bss.* .rela.gnu.linkonce.b.*)
 *(.rela.ldata .rela.ldata.* .rela.gnu.linkonce.l.*)
 *(.rela.lbss .rela.lbss.* .rela.gnu.linkonce.lb.*)
 *(.rela.lrodata .rela.lrodata.* .rela.gnu.linkonce.lr.*)
 *(.rela.ifunc)
 .rela.ifunc    0x0000000000001b58        0x0 /usr/lib/gcc/x86_64-linux-gnu/7/../../../x86_64-linux-gnu/crti.o
 .rela.fini_array
                0x0000000000001b58       0x18 /usr/lib/gcc/x86_64-linux-gnu/7/../../../x86_64-linux-gnu/crti.o
 .rela.init_array
                0x0000000000001b70       0x18 /usr/lib/gcc/x86_64-linux-gnu/7/../../../x86_64-linux-gnu/crti.o

.rela.plt       0x0000000000001b88      0x630
 *(.rela.plt)
 .rela.plt      0x0000000000001b88      0x630 /usr/lib/gcc/x86_64-linux-gnu/7/../../../x86_64-linux-gnu/crti.o
 *(.rela.iplt)

.init           0x00000000000021b8       0x17
 *(SORT(.init))
 .init          0x00000000000021b8       0x12 /usr/lib/gcc/x86_64-linux-gnu/7/../../../x86_64-linux-gnu/crti.o
                0x00000000000021b8                _init
 .init          0x00000000000021ca        0x5 /usr/lib/gcc/x86_64-linux-gnu/7/../../../x86_64-linux-gnu/crtn.o

.plt            0x00000000000021d0      0x430
 *(.plt)
 .plt           0x00000000000021d0      0x430 /usr/lib/gcc/x86_64-linux-gnu/7/../../../x86_64-linux-gnu/crti.o
 *(.iplt)

.plt.got        0x0000000000002600        0x8
 *(.plt.got)
 .plt.got       0x0000000000002600        0x8 /usr/lib/gcc/x86_64-linux-gnu/7/../../../x86_64-linux-gnu/crti.o

.plt.sec
 *(.plt.sec)

.text           0x0000000000002610     0x3966
 *(.text.unlikely .text.*_unlikely .text.unlikely.*)
 *(.text.exit .text.exit.*)
 *(.text.startup .text.startup.*)
 *(.text.hot .text.hot.*)
 *(.text .stub .text.* .gnu.linkonce.t.*)
 .text          0x0000000000002610        0x0 /usr/lib/gcc/x86_64-linux-gnu/7/../../../x86_64-linux-gnu/crti.o
 .text          0x0000000000002610       0xda /usr/lib/gcc/x86_64-linux-gnu/7/crtbeginS.o
 .text          0x00000000000026ea       0xbe /tmp/ccDj9NrH.o
                0x00000000000026ea                word_compression_dictionary_iterator
 .text          0x00000000000027a8      0x176 /tmp/cczrS5ow.o
                0x00000000000027a8                word_compression_get_last_decoder_error
                0x00000000000027b8                word_compression_set_last_decoder_error
                0x00000000000027da                word_compression_utf8alnum
                0x00000000000028b8                word_compression_utf8iterate
 .text          0x000000000000291e       0x4c /tmp/ccOy63pl.o
                0x000000000000291e                word_compression_version
 .text          0x000000000000296a      0x222 /tmp/cc5jESua.o
                0x000000000000296a                default_error_message
                0x00000000000029b0                word_compression_last_error_time
                0x00000000000029c0                word_compression_last_error_code
                0x00000000000029d0                word_compression_last_error
                0x00000000000029ff                word_compression_error
 .text          0x0000000000002b8c      0x508 /tmp/ccfjAfEZ.o
                0x0000000000002b8c                copy_list
                0x0000000000002c40                word_compression_array
                0x0000000000002d65                word_compressor_free_array
                0x0000000000002db8                word_compression_create_index
 .text          0x0000000000003094      0xa95 /tmp/ccND9dTO.o
                0x0000000000003094                parse_buffer
                0x00000000000032db                word_compression_parse_dict
                0x0000000000003797                word_compression_open
                0x0000000000003856                word_compression_file
 .text          0x0000000000003b29      0x1ef /tmp/cc6cVzcE.o
                0x0000000000003b29                get_memory_table
                0x0000000000003b30                word_compression_allocated
                0x0000000000003b40                word_compression_realloc
                0x0000000000003c2b                word_compression_malloc
                0x0000000000003c7b                word_compression_free
                0x0000000000003cd1                word_compression_free_string
 .text          0x0000000000003d18      0x51f /tmp/cc3BDhAt.o
                0x0000000000003d18                word_compression_tree_insert
                0x0000000000003e1c                word_compression_tree_search
                0x0000000000003ecf                word_compression_tree_push
                0x0000000000003fb0                word_compression_tree_delete
                0x0000000000004187                word_compression_tree_base
                0x00000000000041bc                word_compression_tree_free
 .text          0x0000000000004237       0x7c /tmp/cclwtY0i.o
                0x0000000000004237                word_compression_pinch_string
 .text          0x00000000000042b3      0x177 /tmp/cc62oZu8.o
                0x00000000000042b3                reverse_string
                0x000000000000434b                word_compression_position_index
 .text          0x000000000000442a      0x1eb /tmp/cc1hyc2X.o
                0x000000000000442a                word_compression_dictionary
                0x00000000000044b8                word_compression_free_dictionary
 .text          0x0000000000004615       0xab /tmp/ccvOLFCN.o
                0x0000000000004615                word_compression_filter
                0x0000000000004662                word_compression_filter_index
                0x0000000000004691                word_compression_filter_value
 .text          0x00000000000046c0       0x9f /tmp/ccLWLqgD.o
                0x00000000000046c0                word_compression_dictionary_compare
                0x00000000000046e4                word_compression_dictionary_compare_reverse
                0x0000000000004709                word_compression_dictionary_compare_ptr
                0x0000000000004734                word_compression_dictionary_compare_reverse_ptr
 .text          0x000000000000475f      0x8ce /tmp/cceuDgZs.o
                0x000000000000475f                word_compressor_create_dictionary
                0x00000000000048a2                word_compressor_file
                0x0000000000004d2f                word_decompressor_file
                0x0000000000004f03                word_compressor_string
                0x0000000000004f98                word_decompressor_string
 .text          0x000000000000502d      0x2bd /tmp/ccTTNuLi.o
                0x000000000000502d                iterate_text_reader
                0x0000000000005131                word_compression_reader
 .text          0x00000000000052ea      0x190 /tmp/ccb8KiC8.o
                0x00000000000052ea                dictionary
                0x000000000000540a                word_compression_generate_dictionary_file
                0x000000000000543b                word_compression_generate_dictionary
 .text          0x000000000000547a      0xafc /tmp/ccctfsyY.o
                0x000000000000547a                word_compressor_append_string
                0x0000000000005565                word_compressor
                0x00000000000059ad                word_compressor_dict_line
                0x0000000000005bd3                word_compression_free_arguments
                0x0000000000005c56                word_decompressor
                0x0000000000005dcc                print_format
 .text          0x0000000000005f76        0x0 /usr/lib/gcc/x86_64-linux-gnu/7/crtendS.o
 .text          0x0000000000005f76        0x0 /usr/lib/gcc/x86_64-linux-gnu/7/../../../x86_64-linux-gnu/crtn.o
 *(.gnu.warning)

.fini           0x0000000000005f78        0x9
 *(SORT(.fini))
 .fini          0x0000000000005f78        0x4 /usr/lib/gcc/x86_64-linux-gnu/7/../../../x86_64-linux-gnu/crti.o
                0x0000000000005f78                _fini
 .fini          0x0000000000005f7c        0x5 /usr/lib/gcc/x86_64-linux-gnu/7/../../../x86_64-linux-gnu/crtn.o
                [!provide]                        PROVIDE (__etext, .)
                [!provide]                        PROVIDE (_etext, .)
                [!provide]                        PROVIDE (etext, .)

.rodata         0x0000000000005f88      0x3bf
 *(.rodata .rodata.* .gnu.linkonce.r.*)
 .rodata        0x0000000000005f88       0x38 /tmp/cczrS5ow.o
 .rodata        0x0000000000005fc0        0x9 /tmp/ccOy63pl.o
 .rodata        0x0000000000005fc9       0x15 /tmp/cc5jESua.o
 *fill*         0x0000000000005fde        0x2 
 .rodata        0x0000000000005fe0      0x16a /tmp/ccfjAfEZ.o
 *fill*         0x000000000000614a        0x6 
 .rodata        0x0000000000006150       0x70 /tmp/ccND9dTO.o
 .rodata        0x00000000000061c0       0x3f /tmp/cceuDgZs.o
 .rodata        0x00000000000061ff       0x1a /tmp/ccTTNuLi.o
 *fill*         0x0000000000006219        0x7 
 .rodata        0x0000000000006220       0x65 /tmp/ccb8KiC8.o
 *fill*         0x0000000000006285        0x3 
 .rodata        0x0000000000006288       0xbf /tmp/ccctfsyY.o

.rodata1
 *(.rodata1)

.eh_frame_hdr   0x0000000000006348      0x1f4
 *(.eh_frame_hdr)
 .eh_frame_hdr  0x0000000000006348      0x1f4 /tmp/ccDj9NrH.o
                0x0000000000006348                __GNU_EH_FRAME_HDR
 *(.eh_frame_entry .eh_frame_entry.*)

.eh_frame       0x0000000000006540      0x7c4
 *(.eh_frame)
 .eh_frame      0x0000000000006540       0x40 /usr/lib/gcc/x86_64-linux-gnu/7/../../../x86_64-linux-gnu/crti.o
 .eh_frame      0x0000000000006580       0x18 /usr/lib/gcc/x86_64-linux-gnu/7/../../../x86_64-linux-gnu/crti.o
                                         0x30 (tamanho de relaxar)
 .eh_frame      0x0000000000006598       0x20 /tmp/ccDj9NrH.o
                                         0x38 (tamanho de relaxar)
 .eh_frame      0x00000000000065b8       0x80 /tmp/cczrS5ow.o
                                         0x98 (tamanho de relaxar)
 .eh_frame      0x0000000000006638       0x20 /tmp/ccOy63pl.o
                                         0x38 (tamanho de relaxar)
 .eh_frame      0x0000000000006658       0xa8 /tmp/cc5jESua.o
                                         0xc0 (tamanho de relaxar)
 .eh_frame      0x0000000000006700       0x80 /tmp/ccfjAfEZ.o
                                         0x98 (tamanho de relaxar)
 .eh_frame      0x0000000000006780       0x80 /tmp/ccND9dTO.o
                                         0x98 (tamanho de relaxar)
 .eh_frame      0x0000000000006800       0xc0 /tmp/cc6cVzcE.o
                                         0xd8 (tamanho de relaxar)
 .eh_frame      0x00000000000068c0       0xc0 /tmp/cc3BDhAt.o
                                         0xd8 (tamanho de relaxar)
 .eh_frame      0x0000000000006980       0x20 /tmp/cclwtY0i.o
                                         0x38 (tamanho de relaxar)
 .eh_frame      0x00000000000069a0       0x40 /tmp/cc62oZu8.o
                                         0x58 (tamanho de relaxar)
 .eh_frame      0x00000000000069e0       0x40 /tmp/cc1hyc2X.o
                                         0x58 (tamanho de relaxar)
 .eh_frame      0x0000000000006a20       0x60 /tmp/ccvOLFCN.o
                                         0x78 (tamanho de relaxar)
 .eh_frame      0x0000000000006a80       0x80 /tmp/ccLWLqgD.o
                                         0x98 (tamanho de relaxar)
 .eh_frame      0x0000000000006b00       0xa0 /tmp/cceuDgZs.o
                                         0xb8 (tamanho de relaxar)
 .eh_frame      0x0000000000006ba0       0x40 /tmp/ccTTNuLi.o
                                         0x58 (tamanho de relaxar)
 .eh_frame      0x0000000000006be0       0x60 /tmp/ccb8KiC8.o
                                         0x78 (tamanho de relaxar)
 .eh_frame      0x0000000000006c40       0xc0 /tmp/ccctfsyY.o
                                         0xd8 (tamanho de relaxar)
 .eh_frame      0x0000000000006d00        0x4 /usr/lib/gcc/x86_64-linux-gnu/7/crtendS.o
 *(.eh_frame.*)

.gcc_except_table
 *(.gcc_except_table .gcc_except_table.*)

.gnu_extab
 *(.gnu_extab*)

.exception_ranges
 *(.exception_ranges .exception_ranges*)
                0x0000000000206d78                . = DATA_SEGMENT_ALIGN (CONSTANT (MAXPAGESIZE), CONSTANT (COMMONPAGESIZE))

.eh_frame
 *(.eh_frame)
 *(.eh_frame.*)

.gnu_extab
 *(.gnu_extab)

.gcc_except_table
 *(.gcc_except_table .gcc_except_table.*)

.exception_ranges
 *(.exception_ranges .exception_ranges*)

.tdata
 *(.tdata .tdata.* .gnu.linkonce.td.*)

.tbss
 *(.tbss .tbss.* .gnu.linkonce.tb.*)
 *(.tcommon)

.preinit_array
 *(.preinit_array)

.init_array     0x0000000000206d78        0x8
 *(SORT(.init_array.*) SORT(.ctors.*))
 *(.init_array EXCLUDE_FILE(*crtend?.o *crtend.o *crtbegin?.o *crtbegin.o) .ctors)
 .init_array    0x0000000000206d78        0x8 /usr/lib/gcc/x86_64-linux-gnu/7/crtbeginS.o

.fini_array     0x0000000000206d80        0x8
 *(SORT(.fini_array.*) SORT(.dtors.*))
 *(.fini_array EXCLUDE_FILE(*crtend?.o *crtend.o *crtbegin?.o *crtbegin.o) .dtors)
 .fini_array    0x0000000000206d80        0x8 /usr/lib/gcc/x86_64-linux-gnu/7/crtbeginS.o

.ctors
 *crtbegin.o(.ctors)
 *crtbegin?.o(.ctors)
 *(EXCLUDE_FILE(*crtend?.o *crtend.o) .ctors)
 *(SORT(.ctors.*))
 *(.ctors)

.dtors
 *crtbegin.o(.dtors)
 *crtbegin?.o(.dtors)
 *(EXCLUDE_FILE(*crtend?.o *crtend.o) .dtors)
 *(SORT(.dtors.*))
 *(.dtors)

.jcr
 *(.jcr)

.data.rel.ro    0x0000000000206d88        0x0
 *(.data.rel.ro.local* .gnu.linkonce.d.rel.ro.local.*)
 *(.data.rel.ro .data.rel.ro.* .gnu.linkonce.d.rel.ro.*)
 .data.rel.ro   0x0000000000206d88        0x0 /usr/lib/gcc/x86_64-linux-gnu/7/../../../x86_64-linux-gnu/crti.o

.dynamic        0x0000000000206d88      0x1c0
 *(.dynamic)
 .dynamic       0x0000000000206d88      0x1c0 /usr/lib/gcc/x86_64-linux-gnu/7/../../../x86_64-linux-gnu/crti.o
                0x0000000000206d88                _DYNAMIC

.got            0x0000000000206f48       0xb8
 *(.got)
 .got           0x0000000000206f48       0xb8 /usr/lib/gcc/x86_64-linux-gnu/7/../../../x86_64-linux-gnu/crti.o
 *(.igot)
                0x0000000000207fe8                . = DATA_SEGMENT_RELRO_END (., (SIZEOF (.got.plt) >= 0x18)?0x18:0x0)

.got.plt        0x0000000000207000      0x228
 *(.got.plt)
 .got.plt       0x0000000000207000      0x228 /usr/lib/gcc/x86_64-linux-gnu/7/../../../x86_64-linux-gnu/crti.o
                0x0000000000207000                _GLOBAL_OFFSET_TABLE_
 *(.igot.plt)

.data           0x0000000000207240       0xdf
 *(.data .data.* .gnu.linkonce.d.*)
 .data          0x0000000000207240        0x0 /usr/lib/gcc/x86_64-linux-gnu/7/../../../x86_64-linux-gnu/crti.o
 .data          0x0000000000207240        0x0 /usr/lib/gcc/x86_64-linux-gnu/7/crtbeginS.o
 .data.rel.local
                0x0000000000207240        0x8 /usr/lib/gcc/x86_64-linux-gnu/7/crtbeginS.o
                0x0000000000207240                __dso_handle
 .data          0x0000000000207248        0x0 /tmp/ccDj9NrH.o
 .data          0x0000000000207248        0x0 /tmp/cczrS5ow.o
 .data          0x0000000000207248        0x0 /tmp/ccOy63pl.o
 *fill*         0x0000000000207248       0x18 
 .data          0x0000000000207260       0x75 /tmp/cc5jESua.o
                0x0000000000207260                message_alloc
                0x0000000000207270                message_invalid_encode
                0x0000000000207280                message_default_error
 .data          0x00000000002072d5        0x0 /tmp/ccfjAfEZ.o
 .data          0x00000000002072d5        0x0 /tmp/ccND9dTO.o
 *fill*         0x00000000002072d5        0x3 
 .data.rel.local
                0x00000000002072d8        0x8 /tmp/ccND9dTO.o
                0x00000000002072d8                token
 .data          0x00000000002072e0        0x0 /tmp/cc6cVzcE.o
 .data          0x00000000002072e0        0x0 /tmp/cc3BDhAt.o
 .data          0x00000000002072e0        0x0 /tmp/cclwtY0i.o
 .data          0x00000000002072e0       0x3f /tmp/cc62oZu8.o
                0x00000000002072e0                item_list
 .data          0x000000000020731f        0x0 /tmp/cc1hyc2X.o
 .data          0x000000000020731f        0x0 /tmp/ccvOLFCN.o
 .data          0x000000000020731f        0x0 /tmp/ccLWLqgD.o
 .data          0x000000000020731f        0x0 /tmp/cceuDgZs.o
 .data          0x000000000020731f        0x0 /tmp/ccTTNuLi.o
 .data          0x000000000020731f        0x0 /tmp/ccb8KiC8.o
 .data          0x000000000020731f        0x0 /tmp/ccctfsyY.o
 .data          0x000000000020731f        0x0 /usr/lib/gcc/x86_64-linux-gnu/7/crtendS.o
 .data          0x000000000020731f        0x0 /usr/lib/gcc/x86_64-linux-gnu/7/../../../x86_64-linux-gnu/crtn.o

.tm_clone_table
                0x0000000000207320        0x0
 .tm_clone_table
                0x0000000000207320        0x0 /usr/lib/gcc/x86_64-linux-gnu/7/crtbeginS.o
 .tm_clone_table
                0x0000000000207320        0x0 /usr/lib/gcc/x86_64-linux-gnu/7/crtendS.o

.data1
 *(.data1)
                0x0000000000207320                _edata = .
                [!provide]                        PROVIDE (edata, .)
                0x0000000000207320                . = .
                0x0000000000207320                __bss_start = .

.bss            0x0000000000207320   0x493f88
 *(.dynbss)
 .dynbss        0x0000000000207320        0x0 /usr/lib/gcc/x86_64-linux-gnu/7/../../../x86_64-linux-gnu/crti.o
 *(.bss .bss.* .gnu.linkonce.b.*)
 .bss           0x0000000000207320        0x0 /usr/lib/gcc/x86_64-linux-gnu/7/../../../x86_64-linux-gnu/crti.o
 .bss           0x0000000000207320        0x1 /usr/lib/gcc/x86_64-linux-gnu/7/crtbeginS.o
 .bss           0x0000000000207321        0x0 /tmp/ccDj9NrH.o
 *fill*         0x0000000000207321        0x7 
 .bss           0x0000000000207328        0x8 /tmp/cczrS5ow.o
                0x0000000000207328                last_decoder_error
 .bss           0x0000000000207330        0xa /tmp/ccOy63pl.o
                0x0000000000207330                lib_version
 *fill*         0x000000000020733a        0x6 
 .bss           0x0000000000207340      0x128 /tmp/cc5jESua.o
                0x0000000000207340                success
                0x0000000000207342                last_error
                0x0000000000207360                last_error_message
                0x0000000000207460                last_error_at
 .bss           0x0000000000207468        0x0 /tmp/ccfjAfEZ.o
 .bss           0x0000000000207468        0x0 /tmp/ccND9dTO.o
 *fill*         0x0000000000207468       0x18 
 .bss           0x0000000000207480   0x493e28 /tmp/cc6cVzcE.o
                0x0000000000207480                used_bytes
                0x00000000002074a0                memory_table
                0x00000000004513a0                memory_table_size
                0x000000000069b2a0                memory_table_index
 .bss           0x000000000069b2a8        0x0 /tmp/cc3BDhAt.o
 .bss           0x000000000069b2a8        0x0 /tmp/cclwtY0i.o
 .bss           0x000000000069b2a8        0x0 /tmp/cc62oZu8.o
 .bss           0x000000000069b2a8        0x0 /tmp/cc1hyc2X.o
 .bss           0x000000000069b2a8        0x0 /tmp/ccvOLFCN.o
 .bss           0x000000000069b2a8        0x0 /tmp/ccLWLqgD.o
 .bss           0x000000000069b2a8        0x0 /tmp/cceuDgZs.o
 .bss           0x000000000069b2a8        0x0 /tmp/ccTTNuLi.o
 .bss           0x000000000069b2a8        0x0 /tmp/ccb8KiC8.o
 .bss           0x000000000069b2a8        0x0 /tmp/ccctfsyY.o
 .bss           0x000000000069b2a8        0x0 /usr/lib/gcc/x86_64-linux-gnu/7/crtendS.o
 .bss           0x000000000069b2a8        0x0 /usr/lib/gcc/x86_64-linux-gnu/7/../../../x86_64-linux-gnu/crtn.o
 *(COMMON)
                0x000000000069b2a8                . = ALIGN ((. != 0x0)?0x8:0x1)

.lbss
 *(.dynlbss)
 *(.lbss .lbss.* .gnu.linkonce.lb.*)
 *(LARGE_COMMON)
                0x000000000069b2a8                . = ALIGN (0x8)
                0x000000000069b2a8                . = SEGMENT_START ("ldata-segment", .)

.lrodata
 *(.lrodata .lrodata.* .gnu.linkonce.lr.*)

.ldata          0x0000000000a9b2a8        0x0
 *(.ldata .ldata.* .gnu.linkonce.l.*)
                0x0000000000a9b2a8                . = ALIGN ((. != 0x0)?0x8:0x1)
                0x0000000000a9b2a8                . = ALIGN (0x8)
                0x0000000000a9b2a8                _end = .
                [!provide]                        PROVIDE (end, .)
                0x0000000000a9b2a8                . = DATA_SEGMENT_END (.)

.stab
 *(.stab)

.stabstr
 *(.stabstr)

.stab.excl
 *(.stab.excl)

.stab.exclstr
 *(.stab.exclstr)

.stab.index
 *(.stab.index)

.stab.indexstr
 *(.stab.indexstr)

.comment        0x0000000000000000       0x25
 *(.comment)
 .comment       0x0000000000000000       0x25 /usr/lib/gcc/x86_64-linux-gnu/7/crtbeginS.o
                                         0x26 (tamanho de relaxar)
 .comment       0x0000000000000025       0x26 /tmp/ccDj9NrH.o
 .comment       0x0000000000000025       0x26 /tmp/cczrS5ow.o
 .comment       0x0000000000000025       0x26 /tmp/ccOy63pl.o
 .comment       0x0000000000000025       0x26 /tmp/cc5jESua.o
 .comment       0x0000000000000025       0x26 /tmp/ccfjAfEZ.o
 .comment       0x0000000000000025       0x26 /tmp/ccND9dTO.o
 .comment       0x0000000000000025       0x26 /tmp/cc6cVzcE.o
 .comment       0x0000000000000025       0x26 /tmp/cc3BDhAt.o
 .comment       0x0000000000000025       0x26 /tmp/cclwtY0i.o
 .comment       0x0000000000000025       0x26 /tmp/cc62oZu8.o
 .comment       0x0000000000000025       0x26 /tmp/cc1hyc2X.o
 .comment       0x0000000000000025       0x26 /tmp/ccvOLFCN.o
 .comment       0x0000000000000025       0x26 /tmp/ccLWLqgD.o
 .comment       0x0000000000000025       0x26 /tmp/cceuDgZs.o
 .comment       0x0000000000000025       0x26 /tmp/ccTTNuLi.o
 .comment       0x0000000000000025       0x26 /tmp/ccb8KiC8.o
 .comment       0x0000000000000025       0x26 /tmp/ccctfsyY.o
 .comment       0x0000000000000025       0x26 /usr/lib/gcc/x86_64-linux-gnu/7/crtendS.o

.debug
 *(.debug)

.line
 *(.line)

.debug_srcinfo
 *(.debug_srcinfo)

.debug_sfnames
 *(.debug_sfnames)

.debug_aranges
 *(.debug_aranges)

.debug_pubnames
 *(.debug_pubnames)

.debug_info
 *(.debug_info .gnu.linkonce.wi.*)

.debug_abbrev
 *(.debug_abbrev)

.debug_line
 *(.debug_line .debug_line.* .debug_line_end)

.debug_frame
 *(.debug_frame)

.debug_str
 *(.debug_str)

.debug_loc
 *(.debug_loc)

.debug_macinfo
 *(.debug_macinfo)

.debug_weaknames
 *(.debug_weaknames)

.debug_funcnames
 *(.debug_funcnames)

.debug_typenames
 *(.debug_typenames)

.debug_varnames
 *(.debug_varnames)

.debug_pubtypes
 *(.debug_pubtypes)

.debug_ranges
 *(.debug_ranges)

.debug_macro
 *(.debug_macro)

.debug_addr
 *(.debug_addr)

.gnu.attributes
 *(.gnu.attributes)

/DISCARD/
 *(.note.GNU-stack)
 *(.gnu_debuglink)
 *(.gnu.lto_*)
OUTPUT(libwordcompression.so elf64-x86-64)
